HTTP/1.1 200 OK
content-type: text/html; charset=utf-8
content-length: 33930








<!DOCTYPE html>
<html lang="en">
<head>
    <title>WTF Auto Layout?</title>

    <meta charset="UTF-8">
    <meta name="viewport" content="width=device-width, initial-scale=1">

    <!-- Favicons -->
    <link rel="icon" type="image/png" href="/images/Icon_16x16.png" sizes="16x16">
    <link rel="icon" type="image/png" href="/images/Icon_32x32.png" sizes="32x32">
    <link rel="icon" type="image/png" href="/images/Icon_96x96.png" sizes="96x96">

    <!-- App Icons -->
    <link rel="apple-touch-icon" href="/images/Icon_120x120.png">
    <link rel="apple-touch-icon" sizes="180x180" href="/images/Icon_180x180.png">
    <link rel="apple-touch-icon" sizes="152x152" href="/images/Icon_152x152.png">
    <link rel="apple-touch-icon" sizes="167x167" href="/images/Icon_167x167.png">

    <!-- OG/Twitter Metadata -->
	<meta property="og:type" content="website" />
    <meta property="og:title" content="WTF Auto Layout?">
    <meta property="og:description" content="Make sense of cryptic Auto Layout error logs.">
    <meta property="og:image" content="/images/Card.png">
    <meta property="og:url" content="https://www.wtfautolayout.com">
    <meta property="og:site_name" content="WTF Auto Layout?">
    <meta name="twitter:card" content="summary">
	<meta name="twitter:site" content="@jpmmusic" />

    <!-- Styles -->
    <link rel="stylesheet" href="https://www.w3schools.com/w3css/4/w3.css">
    <link rel="stylesheet" href="https://www.w3schools.com/lib/w3-theme-black.css">
    <link rel="stylesheet" href="https://code.cdn.mozilla.net/fonts/fira.css">
    <link rel="stylesheet" href="/styles/main.css">

    <!-- Google Analytics -->
    <script>
      (function(i,s,o,g,r,a,m){i['GoogleAnalyticsObject']=r;i[r]=i[r]||function(){
      (i[r].q=i[r].q||[]).push(arguments)},i[r].l=1*new Date();a=s.createElement(o),
      m=s.getElementsByTagName(o)[0];a.async=1;a.src=g;m.parentNode.insertBefore(a,m)
      })(window,document,'script','https://www.google-analytics.com/analytics.js','ga');

      ga('create', 'UA-78016335-2', 'auto');
      ga('send', 'pageview', 'output');

    </script>
    
</head>
<body class="w3-theme-l5">
    



<!-- SVG Definitions -->

<svg style="position: absolute; width: 0; height: 0;" width="0" height="0" version="1.1" xmlns="http://www.w3.org/2000/svg" xmlns:xlink="http://www.w3.org/1999/xlink">
    <defs>
      <marker id="arrowStart" markerWidth="10" markerHeight="10" refX="6" refY="3" orient="auto" markerUnits="strokeWidth" viewBox="0 0 20 20">
<path d="M6,0 L6,6 L0,3 z" fill="#000" />
      </marker>
      <marker id="arrowEnd" markerWidth="10" markerHeight="10" refX="0" refY="3" orient="auto" markerUnits="strokeWidth" viewBox="0 0 20 20">
          <path d="M0,0 L0,6 L6,3 z" fill="#000" />
      </marker>
      <rect id="diagram-background" style="stroke-width:1;stroke:rgb(0,0,0);" width="100%" height="100%" />
      <rect id="margin-rect" style="stroke-width:1;stroke-dasharray:1,2;stroke:rgb(0,0,0);fill-opacity:0" width="80%" height="80%" />
      <polyline id="leading" class="diagram-line" points="0,0 0,50" style="stroke-width: 12%;"/>
      <polyline id="trailing" class="diagram-line" points="50,50 50,0" style="stroke-width: 12%;"/>
      <polyline id="top" class="diagram-line" points="0,0 50,0" style="stroke-width: 12%;"/>
      <polyline id="bottom" class="diagram-line" points="50,50 0,50" style="stroke-width: 12%;"/>
      <polyline id="leadingMargin" class="diagram-line" points="5,0 5,50" style="stroke-width: 12%;"/>
      <polyline id="trailingMargin" class="diagram-line" points="45,50 45,0" style="stroke-width: 12%;"/>
      <polyline id="topMargin" class="diagram-line" points="0,5 50,5" style="stroke-width: 12%;"/>
      <polyline id="bottomMargin" class="diagram-line" points="50,45 0,45" style="stroke-width: 12%;"/>
      <polyline id="firstBaseline" class="diagram-line" points="0,46 50,46" style="stroke-width: 8%;stroke-dasharray:2,6;"/>
      <polyline id="lastBaseline" class="diagram-line" points="0,46 50,46" style="stroke-width: 8%;stroke-dasharray:2,6;"/>
      <polyline id="centerY" class="diagram-line" points="0,25 50,25" style="stroke-width: 12%;"/>
      <polyline id="centerX" class="diagram-line" points="25,50 25,0" style="stroke-width: 12%;"/>
      <polyline id="centerYWithinMargins" class="diagram-line" points="0,25 50,25" style="stroke-width: 12%;"/>
      <polyline id="centerXWithinMargins" class="diagram-line" points="25,50 25,0" style="stroke-width: 12%;"/>
      <polyline id="width" class="diagram-line" points="15,25 35,25" style="stroke-width: 12%;" marker-start="url(#arrowStart)" marker-end="url(#arrowEnd)"/>
      <polyline id="height" class="diagram-line" points="25,35 25,15" style="stroke-width: 12%;" marker-start="url(#arrowStart)" marker-end="url(#arrowEnd)"/>
    </defs>
</svg>


<!-- Navbar -->

<div class="w3-top">
    <div class="w3-bar w3-theme-dark w3-left-align w3-large">
        <a href="/" class="tab w3-bar-item w3-button w3-theme-l1 w3-hover-dark-grey">Home</a>
        <a href="/about" class="tab w3-bar-item w3-button w3-hover-dark-grey">About</a>
    </div>
</div>

<div style="height:20px;"></div>

<!-- Main content -->

<div class="w3-main main">
    <div class="w3-content w3-container w3-padding-32">
        

<!-- Constraints -->


<div class="row flex-container w3-white w3-hover-shadow w3-section w3-border">
    <div class="pictorial w3-dark-grey" style="margin:auto;">
        <div class="flex-container">
            <div class="w3-container w3-padding-small icon w3-tooltip">
                <svg class="w3-card" style="overflow:visible;" width="50" height="50">
                    <use xlink:href="#diagram-background" style="fill:rgb(211,84,0)" x="0" y="0" />

                    <text class="initial w3-opacity-max" x="50%" y="50%" alignment-baseline="central" dominant-baseline="central" text-anchor="middle" fill="white">I</text>
                    <text class="suffix w3-opacity-max" x="95%" y="95%" text-anchor="end" fill="white">1</text>
                    <use xlink:href="#width" x="0" y="0" />
                </svg>
                <div class="tooltip w3-text w3-card w3-white w3-round w3-animate-opacity w3-padding">
                    <strong>ImageView1</strong>.width<br />
                    UIImageView<br />
                    0x7f83b8171210
                </div>
            </div>
            <div class="relationship w3-padding-small w3-cell w3-cell-middle">
                ==
            </div>



            <div class="constant w3-padding-small w3-cell w3-cell-middle">
                40
            </div>

        </div>
    </div>
    <div class="description w3-padding-small w3-mobile w3-cell w3-cell-middle">
        <code style="box-shadow: 0px -1px 0px #D35400 inset; padding-bottom: 1px;">ImageView1</code>'s width should equal 40.<sup></sup>
    </div>
</div>

<div class="row flex-container w3-white w3-hover-shadow w3-section w3-border">
    <div class="pictorial w3-dark-grey" style="margin:auto;">
        <div class="flex-container">
            <div class="w3-container w3-padding-small icon w3-tooltip">
                <svg class="w3-card" style="overflow:visible;" width="50" height="50">
                    <use xlink:href="#diagram-background" style="fill:rgb(26,188,156)" x="0" y="0" />

                    <text class="initial w3-opacity-max" x="50%" y="50%" alignment-baseline="central" dominant-baseline="central" text-anchor="middle" fill="white">I</text>
                    <text class="suffix w3-opacity-max" x="95%" y="95%" text-anchor="end" fill="white">2</text>
                    <use xlink:href="#width" x="0" y="0" />
                </svg>
                <div class="tooltip w3-text w3-card w3-white w3-round w3-animate-opacity w3-padding">
                    <strong>ImageView2</strong>.width<br />
                    UIImageView<br />
                    0x7f83b9a08580
                </div>
            </div>
            <div class="relationship w3-padding-small w3-cell w3-cell-middle">
                ==
            </div>



            <div class="constant w3-padding-small w3-cell w3-cell-middle">
                60
            </div>

        </div>
    </div>
    <div class="description w3-padding-small w3-mobile w3-cell w3-cell-middle">
        <code style="box-shadow: 0px -1px 0px #1ABC9C inset; padding-bottom: 1px;">ImageView2</code>'s width should equal 60.<sup></sup>
    </div>
</div>

<div class="row flex-container w3-white w3-hover-shadow w3-section w3-border">
    <div class="pictorial w3-dark-grey" style="margin:auto;">
        <div class="flex-container">
            <div class="w3-container w3-padding-small icon w3-tooltip">
                <svg class="w3-card" style="overflow:visible;" width="50" height="50">
                    <use xlink:href="#diagram-background" style="fill:rgb(211,84,0)" x="0" y="0" />

                    <text class="initial w3-opacity-max" x="50%" y="50%" alignment-baseline="central" dominant-baseline="central" text-anchor="middle" fill="white">I</text>
                    <text class="suffix w3-opacity-max" x="95%" y="95%" text-anchor="end" fill="white">1</text>
                    <use xlink:href="#leading" x="0" y="0" />
                </svg>
                <div class="tooltip w3-text w3-card w3-white w3-round w3-animate-opacity w3-padding">
                    <strong>ImageView1</strong>.leading<br />
                    UIImageView<br />
                    0x7f83b8171210
                </div>
            </div>
            <div class="relationship w3-padding-small w3-cell w3-cell-middle">
                ==
            </div>

            <div class="w3-container w3-padding-small w3-cell w3-cell-middle icon w3-tooltip">
                <svg class="w3-card" style="overflow:visible;" width="50" height="50">
                    <use xlink:href="#diagram-background" style="fill:rgb(52,152,219)" x="0" y="0" />

                    <text class="initial w3-opacity-max" x="50%" y="50%" alignment-baseline="central" dominant-baseline="central" text-anchor="middle" fill="white">T</text>
                    <text class="suffix w3-opacity-max" x="95%" y="95%" text-anchor="end" fill="white"></text>
                    <use xlink:href="#leading" x="0" y="0" />
                </svg>
                <div class="tooltip w3-text w3-card w3-white w3-round w3-animate-opacity w3-padding">
                    <strong>TableViewCellContentView</strong>.leading<br />
                    UITableViewCellContentView<br />
                    0x7f83b8171010
                </div>
            </div>



            <div class="constant w3-padding-small w3-cell w3-cell-middle">
                + 15
            </div>

        </div>
    </div>
    <div class="description w3-padding-small w3-mobile w3-cell w3-cell-middle">
        <code style="box-shadow: 0px -1px 0px #D35400 inset; padding-bottom: 1px;">ImageView1</code>'s leading edge should equal <code style="box-shadow: 0px -1px 0px #3498DB inset; padding-bottom: 1px;">TableViewCellContentView</code>'s leading edge plus 15.<sup></sup>
    </div>
</div>

<div class="row flex-container w3-white w3-hover-shadow w3-section w3-border">
    <div class="pictorial w3-dark-grey" style="margin:auto;">
        <div class="flex-container">
            <div class="w3-container w3-padding-small icon w3-tooltip">
                <svg class="w3-card" style="overflow:visible;" width="50" height="50">
                    <use xlink:href="#diagram-background" style="fill:rgb(241,196,15)" x="0" y="0" />

                    <text class="initial w3-opacity-max" x="50%" y="50%" alignment-baseline="central" dominant-baseline="central" text-anchor="middle" fill="white">S</text>
                    <text class="suffix w3-opacity-max" x="95%" y="95%" text-anchor="end" fill="white"></text>
                    <use xlink:href="#leading" x="0" y="0" />
                </svg>
                <div class="tooltip w3-text w3-card w3-white w3-round w3-animate-opacity w3-padding">
                    <strong>StackView</strong>.leading<br />
                    UIStackView<br />
                    0x7f83b9a05c70
                </div>
            </div>
            <div class="relationship w3-padding-small w3-cell w3-cell-middle">
                ==
            </div>

            <div class="w3-container w3-padding-small w3-cell w3-cell-middle icon w3-tooltip">
                <svg class="w3-card" style="overflow:visible;" width="50" height="50">
                    <use xlink:href="#diagram-background" style="fill:rgb(211,84,0)" x="0" y="0" />

                    <text class="initial w3-opacity-max" x="50%" y="50%" alignment-baseline="central" dominant-baseline="central" text-anchor="middle" fill="white">I</text>
                    <text class="suffix w3-opacity-max" x="95%" y="95%" text-anchor="end" fill="white">1</text>
                    <use xlink:href="#trailing" x="0" y="0" />
                </svg>
                <div class="tooltip w3-text w3-card w3-white w3-round w3-animate-opacity w3-padding">
                    <strong>ImageView1</strong>.trailing<br />
                    UIImageView<br />
                    0x7f83b8171210
                </div>
            </div>



            <div class="constant w3-padding-small w3-cell w3-cell-middle">
                + 8
            </div>

        </div>
    </div>
    <div class="description w3-padding-small w3-mobile w3-cell w3-cell-middle">
        <code style="box-shadow: 0px -1px 0px #F1C40F inset; padding-bottom: 1px;">StackView</code>'s leading edge should equal <code style="box-shadow: 0px -1px 0px #D35400 inset; padding-bottom: 1px;">ImageView1</code>'s trailing edge plus 8.<sup></sup>
    </div>
</div>

<div class="row flex-container w3-white w3-hover-shadow w3-section w3-border">
    <div class="pictorial w3-dark-grey" style="margin:auto;">
        <div class="flex-container">
            <div class="w3-container w3-padding-small icon w3-tooltip">
                <svg class="w3-card" style="overflow:visible;" width="50" height="50">
                    <use xlink:href="#diagram-background" style="fill:rgb(52,152,219)" x="0" y="0" />

                    <text class="initial w3-opacity-max" x="50%" y="50%" alignment-baseline="central" dominant-baseline="central" text-anchor="middle" fill="white">T</text>
                    <text class="suffix w3-opacity-max" x="95%" y="95%" text-anchor="end" fill="white"></text>
                    <use xlink:href="#trailing" x="0" y="0" />
                </svg>
                <div class="tooltip w3-text w3-card w3-white w3-round w3-animate-opacity w3-padding">
                    <strong>TableViewCellContentView</strong>.trailing<br />
                    UITableViewCellContentView<br />
                    0x7f83b8171010
                </div>
            </div>
            <div class="relationship w3-padding-small w3-cell w3-cell-middle">
                ==
            </div>

            <div class="w3-container w3-padding-small w3-cell w3-cell-middle icon w3-tooltip">
                <svg class="w3-card" style="overflow:visible;" width="50" height="50">
                    <use xlink:href="#diagram-background" style="fill:rgb(26,188,156)" x="0" y="0" />

                    <text class="initial w3-opacity-max" x="50%" y="50%" alignment-baseline="central" dominant-baseline="central" text-anchor="middle" fill="white">I</text>
                    <text class="suffix w3-opacity-max" x="95%" y="95%" text-anchor="end" fill="white">2</text>
                    <use xlink:href="#trailing" x="0" y="0" />
                </svg>
                <div class="tooltip w3-text w3-card w3-white w3-round w3-animate-opacity w3-padding">
                    <strong>ImageView2</strong>.trailing<br />
                    UIImageView<br />
                    0x7f83b9a08580
                </div>
            </div>



            <div class="constant w3-padding-small w3-cell w3-cell-middle">
                + 5
            </div>

        </div>
    </div>
    <div class="description w3-padding-small w3-mobile w3-cell w3-cell-middle">
        <code style="box-shadow: 0px -1px 0px #3498DB inset; padding-bottom: 1px;">TableViewCellContentView</code>'s trailing edge should equal <code style="box-shadow: 0px -1px 0px #1ABC9C inset; padding-bottom: 1px;">ImageView2</code>'s trailing edge plus 5.<sup></sup>
    </div>
</div>

<div class="row flex-container w3-white w3-hover-shadow w3-section w3-border">
    <div class="pictorial w3-dark-grey" style="margin:auto;">
        <div class="flex-container">
            <div class="w3-container w3-padding-small icon w3-tooltip">
                <svg class="w3-card" style="overflow:visible;" width="50" height="50">
                    <use xlink:href="#diagram-background" style="fill:rgb(26,188,156)" x="0" y="0" />

                    <text class="initial w3-opacity-max" x="50%" y="50%" alignment-baseline="central" dominant-baseline="central" text-anchor="middle" fill="white">I</text>
                    <text class="suffix w3-opacity-max" x="95%" y="95%" text-anchor="end" fill="white">2</text>
                    <use xlink:href="#leading" x="0" y="0" />
                </svg>
                <div class="tooltip w3-text w3-card w3-white w3-round w3-animate-opacity w3-padding">
                    <strong>ImageView2</strong>.leading<br />
                    UIImageView<br />
                    0x7f83b9a08580
                </div>
            </div>
            <div class="relationship w3-padding-small w3-cell w3-cell-middle">
                ==
            </div>

            <div class="w3-container w3-padding-small w3-cell w3-cell-middle icon w3-tooltip">
                <svg class="w3-card" style="overflow:visible;" width="50" height="50">
                    <use xlink:href="#diagram-background" style="fill:rgb(241,196,15)" x="0" y="0" />

                    <text class="initial w3-opacity-max" x="50%" y="50%" alignment-baseline="central" dominant-baseline="central" text-anchor="middle" fill="white">S</text>
                    <text class="suffix w3-opacity-max" x="95%" y="95%" text-anchor="end" fill="white"></text>
                    <use xlink:href="#trailing" x="0" y="0" />
                </svg>
                <div class="tooltip w3-text w3-card w3-white w3-round w3-animate-opacity w3-padding">
                    <strong>StackView</strong>.trailing<br />
                    UIStackView<br />
                    0x7f83b9a05c70
                </div>
            </div>



            <div class="constant w3-padding-small w3-cell w3-cell-middle">
                + 8
            </div>

        </div>
    </div>
    <div class="description w3-padding-small w3-mobile w3-cell w3-cell-middle">
        <code style="box-shadow: 0px -1px 0px #1ABC9C inset; padding-bottom: 1px;">ImageView2</code>'s leading edge should equal <code style="box-shadow: 0px -1px 0px #F1C40F inset; padding-bottom: 1px;">StackView</code>'s trailing edge plus 8.<sup></sup>
    </div>
</div>

<div class="row flex-container w3-white w3-hover-shadow w3-section w3-border">
    <div class="pictorial w3-dark-grey" style="margin:auto;">
        <div class="flex-container">
            <div class="w3-container w3-padding-small icon w3-tooltip">
                <svg class="w3-card" style="overflow:visible;" width="50" height="50">
                    <use xlink:href="#diagram-background" style="fill:rgb(231,76,60)" x="0" y="0" />

                    <text class="initial w3-opacity-max" x="50%" y="50%" alignment-baseline="central" dominant-baseline="central" text-anchor="middle" fill="white">S</text>
                    <text class="suffix w3-opacity-max" x="95%" y="95%" text-anchor="end" fill="white"></text>
                    <use xlink:href="#leading" x="0" y="0" />
                </svg>
                <div class="tooltip w3-text w3-card w3-white w3-round w3-animate-opacity w3-padding">
                    <strong>Set lunch</strong>.leading<br />
                    UILabel<br />
                    0x7f83b9a05e80
                </div>
            </div>
            <div class="relationship w3-padding-small w3-cell w3-cell-middle">
                ==
            </div>

            <div class="w3-container w3-padding-small w3-cell w3-cell-middle icon w3-tooltip">
                <svg class="w3-card" style="overflow:visible;" width="50" height="50">
                    <use xlink:href="#diagram-background" style="fill:rgb(46,204,113)" x="0" y="0" />

                    <text class="initial w3-opacity-max" x="50%" y="50%" alignment-baseline="central" dominant-baseline="central" text-anchor="middle" fill="white">A</text>
                    <text class="suffix w3-opacity-max" x="95%" y="95%" text-anchor="end" fill="white"></text>
                    <use xlink:href="#leading" x="0" y="0" />
                </svg>
                <div class="tooltip w3-text w3-card w3-white w3-round w3-animate-opacity w3-padding">
                    <strong>Added at 10:26</strong>.leading<br />
                    UILabel<br />
                    0x7f83b9a06c70
                </div>
            </div>



        </div>
    </div>
    <div class="description w3-padding-small w3-mobile w3-cell w3-cell-middle">
        <code style="box-shadow: 0px -1px 0px #E74C3C inset; padding-bottom: 1px;">Set lunch</code>'s leading edge should equal <code style="box-shadow: 0px -1px 0px #2ECC71 inset; padding-bottom: 1px;">Added at 10:26</code>'s leading edge.<sup>â¡</sup>
    </div>
</div>

<div class="row flex-container w3-white w3-hover-shadow w3-section w3-border">
    <div class="pictorial w3-dark-grey" style="margin:auto;">
        <div class="flex-container">
            <div class="w3-container w3-padding-small icon w3-tooltip">
                <svg class="w3-card" style="overflow:visible;" width="50" height="50">
                    <use xlink:href="#diagram-background" style="fill:rgb(231,76,60)" x="0" y="0" />

                    <text class="initial w3-opacity-max" x="50%" y="50%" alignment-baseline="central" dominant-baseline="central" text-anchor="middle" fill="white">S</text>
                    <text class="suffix w3-opacity-max" x="95%" y="95%" text-anchor="end" fill="white"></text>
                    <use xlink:href="#trailing" x="0" y="0" />
                </svg>
                <div class="tooltip w3-text w3-card w3-white w3-round w3-animate-opacity w3-padding">
                    <strong>Set lunch</strong>.trailing<br />
                    UILabel<br />
                    0x7f83b9a05e80
                </div>
            </div>
            <div class="relationship w3-padding-small w3-cell w3-cell-middle">
                ==
            </div>

            <div class="w3-container w3-padding-small w3-cell w3-cell-middle icon w3-tooltip">
                <svg class="w3-card" style="overflow:visible;" width="50" height="50">
                    <use xlink:href="#diagram-background" style="fill:rgb(46,204,113)" x="0" y="0" />

                    <text class="initial w3-opacity-max" x="50%" y="50%" alignment-baseline="central" dominant-baseline="central" text-anchor="middle" fill="white">A</text>
                    <text class="suffix w3-opacity-max" x="95%" y="95%" text-anchor="end" fill="white"></text>
                    <use xlink:href="#trailing" x="0" y="0" />
                </svg>
                <div class="tooltip w3-text w3-card w3-white w3-round w3-animate-opacity w3-padding">
                    <strong>Added at 10:26</strong>.trailing<br />
                    UILabel<br />
                    0x7f83b9a06c70
                </div>
            </div>



        </div>
    </div>
    <div class="description w3-padding-small w3-mobile w3-cell w3-cell-middle">
        <code style="box-shadow: 0px -1px 0px #E74C3C inset; padding-bottom: 1px;">Set lunch</code>'s trailing edge should equal <code style="box-shadow: 0px -1px 0px #2ECC71 inset; padding-bottom: 1px;">Added at 10:26</code>'s trailing edge.<sup>â¡</sup>
    </div>
</div>

<div class="row flex-container w3-white w3-hover-shadow w3-section w3-border">
    <div class="pictorial w3-dark-grey" style="margin:auto;">
        <div class="flex-container">
            <div class="w3-container w3-padding-small icon w3-tooltip">
                <svg class="w3-card" style="overflow:visible;" width="50" height="50">
                    <use xlink:href="#diagram-background" style="fill:rgb(241,196,15)" x="0" y="0" />

                    <text class="initial w3-opacity-max" x="50%" y="50%" alignment-baseline="central" dominant-baseline="central" text-anchor="middle" fill="white">S</text>
                    <text class="suffix w3-opacity-max" x="95%" y="95%" text-anchor="end" fill="white"></text>
                    <use xlink:href="#leading" x="0" y="0" />
                </svg>
                <div class="tooltip w3-text w3-card w3-white w3-round w3-animate-opacity w3-padding">
                    <strong>StackView</strong>.leading<br />
                    UIStackView<br />
                    0x7f83b9a05c70
                </div>
            </div>
            <div class="relationship w3-padding-small w3-cell w3-cell-middle">
                ==
            </div>

            <div class="w3-container w3-padding-small w3-cell w3-cell-middle icon w3-tooltip">
                <svg class="w3-card" style="overflow:visible;" width="50" height="50">
                    <use xlink:href="#diagram-background" style="fill:rgb(231,76,60)" x="0" y="0" />

                    <text class="initial w3-opacity-max" x="50%" y="50%" alignment-baseline="central" dominant-baseline="central" text-anchor="middle" fill="white">S</text>
                    <text class="suffix w3-opacity-max" x="95%" y="95%" text-anchor="end" fill="white"></text>
                    <use xlink:href="#leading" x="0" y="0" />
                </svg>
                <div class="tooltip w3-text w3-card w3-white w3-round w3-animate-opacity w3-padding">
                    <strong>Set lunch</strong>.leading<br />
                    UILabel<br />
                    0x7f83b9a05e80
                </div>
            </div>



        </div>
    </div>
    <div class="description w3-padding-small w3-mobile w3-cell w3-cell-middle">
        <code style="box-shadow: 0px -1px 0px #F1C40F inset; padding-bottom: 1px;">StackView</code>'s leading edge should equal <code style="box-shadow: 0px -1px 0px #E74C3C inset; padding-bottom: 1px;">Set lunch</code>'s leading edge.<sup>â¡</sup>
    </div>
</div>

<div class="row flex-container w3-white w3-hover-shadow w3-section w3-border">
    <div class="pictorial w3-dark-grey" style="margin:auto;">
        <div class="flex-container">
            <div class="w3-container w3-padding-small icon w3-tooltip">
                <svg class="w3-card" style="overflow:visible;" width="50" height="50">
                    <use xlink:href="#diagram-background" style="fill:rgb(241,196,15)" x="0" y="0" />

                    <text class="initial w3-opacity-max" x="50%" y="50%" alignment-baseline="central" dominant-baseline="central" text-anchor="middle" fill="white">S</text>
                    <text class="suffix w3-opacity-max" x="95%" y="95%" text-anchor="end" fill="white"></text>
                    <use xlink:href="#trailing" x="0" y="0" />
                </svg>
                <div class="tooltip w3-text w3-card w3-white w3-round w3-animate-opacity w3-padding">
                    <strong>StackView</strong>.trailing<br />
                    UIStackView<br />
                    0x7f83b9a05c70
                </div>
            </div>
            <div class="relationship w3-padding-small w3-cell w3-cell-middle">
                ==
            </div>

            <div class="w3-container w3-padding-small w3-cell w3-cell-middle icon w3-tooltip">
                <svg class="w3-card" style="overflow:visible;" width="50" height="50">
                    <use xlink:href="#diagram-background" style="fill:rgb(231,76,60)" x="0" y="0" />

                    <text class="initial w3-opacity-max" x="50%" y="50%" alignment-baseline="central" dominant-baseline="central" text-anchor="middle" fill="white">S</text>
                    <text class="suffix w3-opacity-max" x="95%" y="95%" text-anchor="end" fill="white"></text>
                    <use xlink:href="#trailing" x="0" y="0" />
                </svg>
                <div class="tooltip w3-text w3-card w3-white w3-round w3-animate-opacity w3-padding">
                    <strong>Set lunch</strong>.trailing<br />
                    UILabel<br />
                    0x7f83b9a05e80
                </div>
            </div>



        </div>
    </div>
    <div class="description w3-padding-small w3-mobile w3-cell w3-cell-middle">
        <code style="box-shadow: 0px -1px 0px #F1C40F inset; padding-bottom: 1px;">StackView</code>'s trailing edge should equal <code style="box-shadow: 0px -1px 0px #E74C3C inset; padding-bottom: 1px;">Set lunch</code>'s trailing edge.<sup>â¡</sup>
    </div>
</div>

<div class="row flex-container w3-white w3-hover-shadow w3-section w3-border">
    <div class="pictorial w3-dark-grey" style="margin:auto;">
        <div class="flex-container">
            <div class="w3-container w3-padding-small icon w3-tooltip">
                <svg class="w3-card" style="overflow:visible;" width="50" height="50">
                    <use xlink:href="#diagram-background" style="fill:rgb(52,152,219)" x="0" y="0" />

                    <text class="initial w3-opacity-max" x="50%" y="50%" alignment-baseline="central" dominant-baseline="central" text-anchor="middle" fill="white">T</text>
                    <text class="suffix w3-opacity-max" x="95%" y="95%" text-anchor="end" fill="white"></text>
                    <use xlink:href="#width" x="0" y="0" />
                </svg>
                <div class="tooltip w3-text w3-card w3-white w3-round w3-animate-opacity w3-padding">
                    <strong>TableViewCellContentView</strong>.width<br />
                    UITableViewCellContentView<br />
                    0x7f83b8171010
                </div>
            </div>
            <div class="relationship w3-padding-small w3-cell w3-cell-middle">
                ==
            </div>



            <div class="constant w3-padding-small w3-cell w3-cell-middle">
                94.3
            </div>

        </div>
    </div>
    <div class="description w3-padding-small w3-mobile w3-cell w3-cell-middle">
        <code style="box-shadow: 0px -1px 0px #3498DB inset; padding-bottom: 1px;">TableViewCellContentView</code>'s width should equal 94.3.<sup>â </sup>
    </div>
</div>


<p class="footnotes"><sup>â¡</sup> This constraint was added by a stack view to enforce its spacing, distribution or alignment.</p>

<p class="footnotes"><sup>â </sup> This constraint was added by a table or collection view to enforce its cell size.</p>


<a href="?constraintlog=(%0A%22%3CNSLayoutConstraint:0x7f83b9a05b10%20UIImageView:0x7f83b8171210.width%20%3D%3D%2040%20%20%20(active)%3E%22,%0A%22%3CNSLayoutConstraint:0x7f83b9a08d40%20UIImageView:0x7f83b9a08580.width%20%3D%3D%2060%20%20%20(active)%3E%22,%0A%22%3CNSLayoutConstraint:0x7f83b9a099d0%20H:%7C-(15)-%5BUIImageView:0x7f83b8171210%5D%20%20%20(active,%20names:%20&#39;%7C&#39;:UITableViewCellContentView:0x7f83b8171010%20)%3E%22,%0A%22%3CNSLayoutConstraint:0x7f83b9a09b50%20H:%5BUIImageView:0x7f83b8171210%5D-(8)-%5BUIStackView:0x7f83b9a05c70%5D%20%20%20(active)%3E%22,%0A%22%3CNSLayoutConstraint:0x7f83b9a0a1b0%20H:%5BUIImageView:0x7f83b9a08580%5D-(5)-%7C%20%20%20(active,%20names:%20&#39;%7C&#39;:UITableViewCellContentView:0x7f83b8171010%20)%3E%22,%0A%22%3CNSLayoutConstraint:0x7f83b9a0a330%20H:%5BUIStackView:0x7f83b9a05c70%5D-(8)-%5BUIImageView:0x7f83b9a08580%5D%20%20%20(active)%3E%22,%0A%22%3CNSLayoutConstraint:0x7f83b8174e70%20&#39;UISV-alignment&#39;%20UILabel:0x7f83b9a05e80&#39;Set%20lunch&#39;.leading%20%3D%3D%20UILabel:0x7f83b9a06c70&#39;Added%20at%2010:26&#39;.leading%20%20%20(active)%3E%22,%0A%22%3CNSLayoutConstraint:0x7f83b85cf8e0%20&#39;UISV-alignment&#39;%20UILabel:0x7f83b9a05e80&#39;Set%20lunch&#39;.trailing%20%3D%3D%20UILabel:0x7f83b9a06c70&#39;Added%20at%2010:26&#39;.trailing%20%20%20(active)%3E%22,%0A%22%3CNSLayoutConstraint:0x7f83b83fafa0%20&#39;UISV-canvas-connection&#39;%20UIStackView:0x7f83b9a05c70.leading%20%3D%3D%20UILabel:0x7f83b9a05e80&#39;Set%20lunch&#39;.leading%20%20%20(active)%3E%22,%0A%22%3CNSLayoutConstraint:0x7f83b9b005c0%20&#39;UISV-canvas-connection&#39;%20H:%5BUILabel:0x7f83b9a05e80&#39;Set%20lunch&#39;%5D-(0)-%7C%20%20%20(active,%20names:%20&#39;%7C&#39;:UIStackView:0x7f83b9a05c70%20)%3E%22,%0A%22%3CNSLayoutConstraint:0x7f83b9a127e0%20&#39;UIView-Encapsulated-Layout-Width&#39;%20UITableViewCellContentView:0x7f83b8171010.width%20%3D%3D%2094.3333%20%20%20(active)%3E%22%0A)" class="w3-button w3-right w3-blue w3-round-large w3-margin-top">Permalink</a>


    </div>
</div>

<!-- Footer -->

<div style="height:64px;"></div>

<footer>
    <div class="w3-bar w3-theme-l1 w3-small w3-hide-small">
        <div class="w3-bar-item w3-left" style="color:white">Built using <a href="https://swift.org/">Swift</a>, <a href="https://vapor.codes">Vapor</a>, <a href="https://github.com/johnpatrickmorgan/Sparse">Sparse</a> and <a href="https://www.w3schools.com/w3css/">W3.CSS</a>
        </div>
    </div>
    <div class="w3-bar w3-theme-dark w3-small">
        <div class="w3-bar-item w3-left">View source on <a href="https://www.github.com/johnpatrickmorgan/wtfautolayout" target="_blank">GitHub</a>
        </div>
        <a href="https://www.github.com/johnpatrickmorgan" class="w3-bar-item w3-hover-opacity w3-small w3-right" target="_blank">johnpatrickmorgan</a>
    </div>
</footer>

</body>
</html>


